Archive member included to satisfy reference by file (symbol)

/home/fabrice/arduino-1.8.9/hardware/tools/avr/bin/../lib/gcc/avr/5.4.0/avr5/libgcc.a(_udivmodsi4.o)
                              obj/pff.o (__udivmodsi4)
/home/fabrice/arduino-1.8.9/hardware/tools/avr/bin/../lib/gcc/avr/5.4.0/avr5/libgcc.a(_exit.o)
                              /home/fabrice/arduino-1.8.9/hardware/tools/avr/bin/../lib/gcc/avr/5.4.0/../../../../avr/lib/avr5/crtatmega162.o (exit)
/home/fabrice/arduino-1.8.9/hardware/tools/avr/bin/../lib/gcc/avr/5.4.0/avr5/libgcc.a(_clear_bss.o)
                              obj/pff.o (__do_clear_bss)
/home/fabrice/arduino-1.8.9/hardware/tools/avr/bin/../lib/gcc/avr/5.4.0/avr5/libgcc.a(_muluhisi3.o)
                              obj/pff.o (__muluhisi3)
/home/fabrice/arduino-1.8.9/hardware/tools/avr/bin/../lib/gcc/avr/5.4.0/avr5/libgcc.a(_prologue.o)
                              obj/pff.o (__prologue_saves__)
/home/fabrice/arduino-1.8.9/hardware/tools/avr/bin/../lib/gcc/avr/5.4.0/avr5/libgcc.a(_epilogue.o)
                              obj/pff.o (__epilogue_restores__)
/home/fabrice/arduino-1.8.9/hardware/tools/avr/bin/../lib/gcc/avr/5.4.0/avr5/libgcc.a(_umulhisi3.o)
                              /home/fabrice/arduino-1.8.9/hardware/tools/avr/bin/../lib/gcc/avr/5.4.0/avr5/libgcc.a(_muluhisi3.o) (__umulhisi3)

Memory Configuration

Name             Origin             Length             Attributes
text             0x0000000000000000 0x0000000000020000 xr
data             0x0000000000800060 0x000000000000ffa0 rw !x
eeprom           0x0000000000810000 0x0000000000010000 rw !x
fuse             0x0000000000820000 0x0000000000000003 rw !x
lock             0x0000000000830000 0x0000000000000400 rw !x
signature        0x0000000000840000 0x0000000000000400 rw !x
user_signatures  0x0000000000850000 0x0000000000000400 rw !x
*default*        0x0000000000000000 0xffffffffffffffff

Linker script and memory map

Address of section .data set to 0x800100
LOAD /home/fabrice/arduino-1.8.9/hardware/tools/avr/bin/../lib/gcc/avr/5.4.0/../../../../avr/lib/avr5/crtatmega162.o
Address of section .text set to 0x0
LOAD obj/asmfunc.o
LOAD obj/pff.o
LOAD obj/mmcbbp.o
START GROUP
LOAD /home/fabrice/arduino-1.8.9/hardware/tools/avr/bin/../lib/gcc/avr/5.4.0/avr5/libgcc.a
LOAD /home/fabrice/arduino-1.8.9/hardware/tools/avr/bin/../lib/gcc/avr/5.4.0/../../../../avr/lib/avr5/libm.a
LOAD /home/fabrice/arduino-1.8.9/hardware/tools/avr/bin/../lib/gcc/avr/5.4.0/../../../../avr/lib/avr5/libc.a
LOAD /home/fabrice/arduino-1.8.9/hardware/tools/avr/bin/../lib/gcc/avr/5.4.0/../../../../avr/lib/avr5/libatmega162.a
END GROUP
                0x0000000000020000                __TEXT_REGION_LENGTH__ = DEFINED (__TEXT_REGION_LENGTH__)?__TEXT_REGION_LENGTH__:0x20000
                0x000000000000ffa0                __DATA_REGION_LENGTH__ = DEFINED (__DATA_REGION_LENGTH__)?__DATA_REGION_LENGTH__:0xffa0
                0x0000000000010000                __EEPROM_REGION_LENGTH__ = DEFINED (__EEPROM_REGION_LENGTH__)?__EEPROM_REGION_LENGTH__:0x10000
                [0x0000000000000003]                __FUSE_REGION_LENGTH__ = DEFINED (__FUSE_REGION_LENGTH__)?__FUSE_REGION_LENGTH__:0x400
                0x0000000000000400                __LOCK_REGION_LENGTH__ = DEFINED (__LOCK_REGION_LENGTH__)?__LOCK_REGION_LENGTH__:0x400
                0x0000000000000400                __SIGNATURE_REGION_LENGTH__ = DEFINED (__SIGNATURE_REGION_LENGTH__)?__SIGNATURE_REGION_LENGTH__:0x400
                0x0000000000000400                __USER_SIGNATURE_REGION_LENGTH__ = DEFINED (__USER_SIGNATURE_REGION_LENGTH__)?__USER_SIGNATURE_REGION_LENGTH__:0x400

.hash
 *(.hash)

.dynsym
 *(.dynsym)

.dynstr
 *(.dynstr)

.gnu.version
 *(.gnu.version)

.gnu.version_d
 *(.gnu.version_d)

.gnu.version_r
 *(.gnu.version_r)

.rel.init
 *(.rel.init)

.rela.init
 *(.rela.init)

.rel.text
 *(.rel.text)
 *(.rel.text.*)
 *(.rel.gnu.linkonce.t*)

.rela.text
 *(.rela.text)
 *(.rela.text.*)
 *(.rela.gnu.linkonce.t*)

.rel.fini
 *(.rel.fini)

.rela.fini
 *(.rela.fini)

.rel.rodata
 *(.rel.rodata)
 *(.rel.rodata.*)
 *(.rel.gnu.linkonce.r*)

.rela.rodata
 *(.rela.rodata)
 *(.rela.rodata.*)
 *(.rela.gnu.linkonce.r*)

.rel.data
 *(.rel.data)
 *(.rel.data.*)
 *(.rel.gnu.linkonce.d*)

.rela.data
 *(.rela.data)
 *(.rela.data.*)
 *(.rela.gnu.linkonce.d*)

.rel.ctors
 *(.rel.ctors)

.rela.ctors
 *(.rela.ctors)

.rel.dtors
 *(.rel.dtors)

.rela.dtors
 *(.rela.dtors)

.rel.got
 *(.rel.got)

.rela.got
 *(.rela.got)

.rel.bss
 *(.rel.bss)

.rela.bss
 *(.rela.bss)

.rel.plt
 *(.rel.plt)

.rela.plt
 *(.rela.plt)

.text           0x0000000000000000      0xd82
 *(.vectors)
 .vectors       0x0000000000000000       0x70 /home/fabrice/arduino-1.8.9/hardware/tools/avr/bin/../lib/gcc/avr/5.4.0/../../../../avr/lib/avr5/crtatmega162.o
                0x0000000000000000                __vectors
                0x0000000000000000                __vector_default
 *(.vectors)
 *(.progmem.gcc*)
                0x0000000000000070                . = ALIGN (0x2)
                0x0000000000000070                __trampolines_start = .
 *(.trampolines)
 .trampolines   0x0000000000000070        0x0 linker stubs
 *(.trampolines*)
                0x0000000000000070                __trampolines_end = .
 *libprintf_flt.a:*(.progmem.data)
 *libc.a:*(.progmem.data)
 *(.progmem*)
                0x0000000000000070                . = ALIGN (0x2)
 *(.jumptables)
 *(.jumptables*)
 *(.lowtext)
 *(.lowtext*)
                0x0000000000000070                __ctors_start = .
 *(.ctors)
                0x0000000000000070                __ctors_end = .
                0x0000000000000070                __dtors_start = .
 *(.dtors)
                0x0000000000000070                __dtors_end = .
 SORT(*)(.ctors)
 SORT(*)(.dtors)
 *(.init0)
 .init0         0x0000000000000070        0x0 /home/fabrice/arduino-1.8.9/hardware/tools/avr/bin/../lib/gcc/avr/5.4.0/../../../../avr/lib/avr5/crtatmega162.o
                0x0000000000000070                __init
 *(.init0)
 *(.init1)
 *(.init1)
 *(.init2)
 .init2         0x0000000000000070        0xc /home/fabrice/arduino-1.8.9/hardware/tools/avr/bin/../lib/gcc/avr/5.4.0/../../../../avr/lib/avr5/crtatmega162.o
 *(.init2)
 *(.init3)
 *(.init3)
 *(.init4)
 .init4         0x000000000000007c       0x10 /home/fabrice/arduino-1.8.9/hardware/tools/avr/bin/../lib/gcc/avr/5.4.0/avr5/libgcc.a(_clear_bss.o)
                0x000000000000007c                __do_clear_bss
 *(.init4)
 *(.init5)
 *(.init5)
 *(.init6)
 *(.init6)
 *(.init7)
 *(.init7)
 *(.init8)
 *(.init8)
 *(.init9)
 .init9         0x000000000000008c        0x8 /home/fabrice/arduino-1.8.9/hardware/tools/avr/bin/../lib/gcc/avr/5.4.0/../../../../avr/lib/avr5/crtatmega162.o
 *(.init9)
 *(.text)
 .text          0x0000000000000094        0x4 /home/fabrice/arduino-1.8.9/hardware/tools/avr/bin/../lib/gcc/avr/5.4.0/../../../../avr/lib/avr5/crtatmega162.o
                0x0000000000000094                __vector_22
                0x0000000000000094                __vector_1
                0x0000000000000094                __vector_24
                0x0000000000000094                __vector_12
                0x0000000000000094                __bad_interrupt
                0x0000000000000094                __vector_6
                0x0000000000000094                __vector_3
                0x0000000000000094                __vector_23
                0x0000000000000094                __vector_25
                0x0000000000000094                __vector_11
                0x0000000000000094                __vector_13
                0x0000000000000094                __vector_17
                0x0000000000000094                __vector_19
                0x0000000000000094                __vector_7
                0x0000000000000094                __vector_27
                0x0000000000000094                __vector_5
                0x0000000000000094                __vector_4
                0x0000000000000094                __vector_9
                0x0000000000000094                __vector_2
                0x0000000000000094                __vector_21
                0x0000000000000094                __vector_15
                0x0000000000000094                __vector_8
                0x0000000000000094                __vector_26
                0x0000000000000094                __vector_14
                0x0000000000000094                __vector_10
                0x0000000000000094                __vector_16
                0x0000000000000094                __vector_18
                0x0000000000000094                __vector_20
 .text          0x0000000000000098       0x3e obj/asmfunc.o
                0x0000000000000098                dly_100us
                0x00000000000000a8                init_spi
                0x00000000000000b2                select
                0x00000000000000b8                deselect
                0x00000000000000ba                rcv_spi
                0x00000000000000bc                xmit_spi
 .text          0x00000000000000d6      0x96c obj/pff.o
                0x0000000000000346                pf_mount
                0x00000000000005be                pf_open
                0x00000000000008cc                pf_read
 .text          0x0000000000000a42      0x256 obj/mmcbbp.o
                0x0000000000000abc                disk_initialize
                0x0000000000000bfa                disk_readp
 .text          0x0000000000000c98        0x0 /home/fabrice/arduino-1.8.9/hardware/tools/avr/bin/../lib/gcc/avr/5.4.0/avr5/libgcc.a(_udivmodsi4.o)
 .text          0x0000000000000c98        0x0 /home/fabrice/arduino-1.8.9/hardware/tools/avr/bin/../lib/gcc/avr/5.4.0/avr5/libgcc.a(_exit.o)
 .text          0x0000000000000c98        0x0 /home/fabrice/arduino-1.8.9/hardware/tools/avr/bin/../lib/gcc/avr/5.4.0/avr5/libgcc.a(_clear_bss.o)
 .text          0x0000000000000c98        0x0 /home/fabrice/arduino-1.8.9/hardware/tools/avr/bin/../lib/gcc/avr/5.4.0/avr5/libgcc.a(_muluhisi3.o)
 .text          0x0000000000000c98        0x0 /home/fabrice/arduino-1.8.9/hardware/tools/avr/bin/../lib/gcc/avr/5.4.0/avr5/libgcc.a(_prologue.o)
 .text          0x0000000000000c98        0x0 /home/fabrice/arduino-1.8.9/hardware/tools/avr/bin/../lib/gcc/avr/5.4.0/avr5/libgcc.a(_epilogue.o)
 .text          0x0000000000000c98        0x0 /home/fabrice/arduino-1.8.9/hardware/tools/avr/bin/../lib/gcc/avr/5.4.0/avr5/libgcc.a(_umulhisi3.o)
                0x0000000000000c98                . = ALIGN (0x2)
 *(.text.*)
 .text.libgcc.mul
                0x0000000000000c98        0x0 /home/fabrice/arduino-1.8.9/hardware/tools/avr/bin/../lib/gcc/avr/5.4.0/avr5/libgcc.a(_udivmodsi4.o)
 .text.libgcc.div
                0x0000000000000c98       0x44 /home/fabrice/arduino-1.8.9/hardware/tools/avr/bin/../lib/gcc/avr/5.4.0/avr5/libgcc.a(_udivmodsi4.o)
                0x0000000000000c98                __udivmodsi4
 .text.libgcc   0x0000000000000cdc        0x0 /home/fabrice/arduino-1.8.9/hardware/tools/avr/bin/../lib/gcc/avr/5.4.0/avr5/libgcc.a(_udivmodsi4.o)
 .text.libgcc.prologue
                0x0000000000000cdc        0x0 /home/fabrice/arduino-1.8.9/hardware/tools/avr/bin/../lib/gcc/avr/5.4.0/avr5/libgcc.a(_udivmodsi4.o)
 .text.libgcc.builtins
                0x0000000000000cdc        0x0 /home/fabrice/arduino-1.8.9/hardware/tools/avr/bin/../lib/gcc/avr/5.4.0/avr5/libgcc.a(_udivmodsi4.o)
 .text.libgcc.fmul
                0x0000000000000cdc        0x0 /home/fabrice/arduino-1.8.9/hardware/tools/avr/bin/../lib/gcc/avr/5.4.0/avr5/libgcc.a(_udivmodsi4.o)
 .text.libgcc.fixed
                0x0000000000000cdc        0x0 /home/fabrice/arduino-1.8.9/hardware/tools/avr/bin/../lib/gcc/avr/5.4.0/avr5/libgcc.a(_udivmodsi4.o)
 .text.libgcc.mul
                0x0000000000000cdc        0x0 /home/fabrice/arduino-1.8.9/hardware/tools/avr/bin/../lib/gcc/avr/5.4.0/avr5/libgcc.a(_exit.o)
 .text.libgcc.div
                0x0000000000000cdc        0x0 /home/fabrice/arduino-1.8.9/hardware/tools/avr/bin/../lib/gcc/avr/5.4.0/avr5/libgcc.a(_exit.o)
 .text.libgcc   0x0000000000000cdc        0x0 /home/fabrice/arduino-1.8.9/hardware/tools/avr/bin/../lib/gcc/avr/5.4.0/avr5/libgcc.a(_exit.o)
 .text.libgcc.prologue
                0x0000000000000cdc        0x0 /home/fabrice/arduino-1.8.9/hardware/tools/avr/bin/../lib/gcc/avr/5.4.0/avr5/libgcc.a(_exit.o)
 .text.libgcc.builtins
                0x0000000000000cdc        0x0 /home/fabrice/arduino-1.8.9/hardware/tools/avr/bin/../lib/gcc/avr/5.4.0/avr5/libgcc.a(_exit.o)
 .text.libgcc.fmul
                0x0000000000000cdc        0x0 /home/fabrice/arduino-1.8.9/hardware/tools/avr/bin/../lib/gcc/avr/5.4.0/avr5/libgcc.a(_exit.o)
 .text.libgcc.fixed
                0x0000000000000cdc        0x0 /home/fabrice/arduino-1.8.9/hardware/tools/avr/bin/../lib/gcc/avr/5.4.0/avr5/libgcc.a(_exit.o)
 .text.libgcc.mul
                0x0000000000000cdc        0x0 /home/fabrice/arduino-1.8.9/hardware/tools/avr/bin/../lib/gcc/avr/5.4.0/avr5/libgcc.a(_clear_bss.o)
 .text.libgcc.div
                0x0000000000000cdc        0x0 /home/fabrice/arduino-1.8.9/hardware/tools/avr/bin/../lib/gcc/avr/5.4.0/avr5/libgcc.a(_clear_bss.o)
 .text.libgcc   0x0000000000000cdc        0x0 /home/fabrice/arduino-1.8.9/hardware/tools/avr/bin/../lib/gcc/avr/5.4.0/avr5/libgcc.a(_clear_bss.o)
 .text.libgcc.prologue
                0x0000000000000cdc        0x0 /home/fabrice/arduino-1.8.9/hardware/tools/avr/bin/../lib/gcc/avr/5.4.0/avr5/libgcc.a(_clear_bss.o)
 .text.libgcc.builtins
                0x0000000000000cdc        0x0 /home/fabrice/arduino-1.8.9/hardware/tools/avr/bin/../lib/gcc/avr/5.4.0/avr5/libgcc.a(_clear_bss.o)
 .text.libgcc.fmul
                0x0000000000000cdc        0x0 /home/fabrice/arduino-1.8.9/hardware/tools/avr/bin/../lib/gcc/avr/5.4.0/avr5/libgcc.a(_clear_bss.o)
 .text.libgcc.fixed
                0x0000000000000cdc        0x0 /home/fabrice/arduino-1.8.9/hardware/tools/avr/bin/../lib/gcc/avr/5.4.0/avr5/libgcc.a(_clear_bss.o)
 .text.libgcc.mul
                0x0000000000000cdc       0x16 /home/fabrice/arduino-1.8.9/hardware/tools/avr/bin/../lib/gcc/avr/5.4.0/avr5/libgcc.a(_muluhisi3.o)
                0x0000000000000cdc                __muluhisi3
 .text.libgcc.div
                0x0000000000000cf2        0x0 /home/fabrice/arduino-1.8.9/hardware/tools/avr/bin/../lib/gcc/avr/5.4.0/avr5/libgcc.a(_muluhisi3.o)
 .text.libgcc   0x0000000000000cf2        0x0 /home/fabrice/arduino-1.8.9/hardware/tools/avr/bin/../lib/gcc/avr/5.4.0/avr5/libgcc.a(_muluhisi3.o)
 .text.libgcc.prologue
                0x0000000000000cf2        0x0 /home/fabrice/arduino-1.8.9/hardware/tools/avr/bin/../lib/gcc/avr/5.4.0/avr5/libgcc.a(_muluhisi3.o)
 .text.libgcc.builtins
                0x0000000000000cf2        0x0 /home/fabrice/arduino-1.8.9/hardware/tools/avr/bin/../lib/gcc/avr/5.4.0/avr5/libgcc.a(_muluhisi3.o)
 .text.libgcc.fmul
                0x0000000000000cf2        0x0 /home/fabrice/arduino-1.8.9/hardware/tools/avr/bin/../lib/gcc/avr/5.4.0/avr5/libgcc.a(_muluhisi3.o)
 .text.libgcc.fixed
                0x0000000000000cf2        0x0 /home/fabrice/arduino-1.8.9/hardware/tools/avr/bin/../lib/gcc/avr/5.4.0/avr5/libgcc.a(_muluhisi3.o)
 .text.libgcc.mul
                0x0000000000000cf2        0x0 /home/fabrice/arduino-1.8.9/hardware/tools/avr/bin/../lib/gcc/avr/5.4.0/avr5/libgcc.a(_prologue.o)
 .text.libgcc.div
                0x0000000000000cf2        0x0 /home/fabrice/arduino-1.8.9/hardware/tools/avr/bin/../lib/gcc/avr/5.4.0/avr5/libgcc.a(_prologue.o)
 .text.libgcc   0x0000000000000cf2        0x0 /home/fabrice/arduino-1.8.9/hardware/tools/avr/bin/../lib/gcc/avr/5.4.0/avr5/libgcc.a(_prologue.o)
 .text.libgcc.prologue
                0x0000000000000cf2       0x38 /home/fabrice/arduino-1.8.9/hardware/tools/avr/bin/../lib/gcc/avr/5.4.0/avr5/libgcc.a(_prologue.o)
                0x0000000000000cf2                __prologue_saves__
 .text.libgcc.builtins
                0x0000000000000d2a        0x0 /home/fabrice/arduino-1.8.9/hardware/tools/avr/bin/../lib/gcc/avr/5.4.0/avr5/libgcc.a(_prologue.o)
 .text.libgcc.fmul
                0x0000000000000d2a        0x0 /home/fabrice/arduino-1.8.9/hardware/tools/avr/bin/../lib/gcc/avr/5.4.0/avr5/libgcc.a(_prologue.o)
 .text.libgcc.fixed
                0x0000000000000d2a        0x0 /home/fabrice/arduino-1.8.9/hardware/tools/avr/bin/../lib/gcc/avr/5.4.0/avr5/libgcc.a(_prologue.o)
 .text.libgcc.mul
                0x0000000000000d2a        0x0 /home/fabrice/arduino-1.8.9/hardware/tools/avr/bin/../lib/gcc/avr/5.4.0/avr5/libgcc.a(_epilogue.o)
 .text.libgcc.div
                0x0000000000000d2a        0x0 /home/fabrice/arduino-1.8.9/hardware/tools/avr/bin/../lib/gcc/avr/5.4.0/avr5/libgcc.a(_epilogue.o)
 .text.libgcc   0x0000000000000d2a        0x0 /home/fabrice/arduino-1.8.9/hardware/tools/avr/bin/../lib/gcc/avr/5.4.0/avr5/libgcc.a(_epilogue.o)
 .text.libgcc.prologue
                0x0000000000000d2a       0x36 /home/fabrice/arduino-1.8.9/hardware/tools/avr/bin/../lib/gcc/avr/5.4.0/avr5/libgcc.a(_epilogue.o)
                0x0000000000000d2a                __epilogue_restores__
 .text.libgcc.builtins
                0x0000000000000d60        0x0 /home/fabrice/arduino-1.8.9/hardware/tools/avr/bin/../lib/gcc/avr/5.4.0/avr5/libgcc.a(_epilogue.o)
 .text.libgcc.fmul
                0x0000000000000d60        0x0 /home/fabrice/arduino-1.8.9/hardware/tools/avr/bin/../lib/gcc/avr/5.4.0/avr5/libgcc.a(_epilogue.o)
 .text.libgcc.fixed
                0x0000000000000d60        0x0 /home/fabrice/arduino-1.8.9/hardware/tools/avr/bin/../lib/gcc/avr/5.4.0/avr5/libgcc.a(_epilogue.o)
 .text.libgcc.mul
                0x0000000000000d60       0x1e /home/fabrice/arduino-1.8.9/hardware/tools/avr/bin/../lib/gcc/avr/5.4.0/avr5/libgcc.a(_umulhisi3.o)
                0x0000000000000d60                __umulhisi3
 .text.libgcc.div
                0x0000000000000d7e        0x0 /home/fabrice/arduino-1.8.9/hardware/tools/avr/bin/../lib/gcc/avr/5.4.0/avr5/libgcc.a(_umulhisi3.o)
 .text.libgcc   0x0000000000000d7e        0x0 /home/fabrice/arduino-1.8.9/hardware/tools/avr/bin/../lib/gcc/avr/5.4.0/avr5/libgcc.a(_umulhisi3.o)
 .text.libgcc.prologue
                0x0000000000000d7e        0x0 /home/fabrice/arduino-1.8.9/hardware/tools/avr/bin/../lib/gcc/avr/5.4.0/avr5/libgcc.a(_umulhisi3.o)
 .text.libgcc.builtins
                0x0000000000000d7e        0x0 /home/fabrice/arduino-1.8.9/hardware/tools/avr/bin/../lib/gcc/avr/5.4.0/avr5/libgcc.a(_umulhisi3.o)
 .text.libgcc.fmul
                0x0000000000000d7e        0x0 /home/fabrice/arduino-1.8.9/hardware/tools/avr/bin/../lib/gcc/avr/5.4.0/avr5/libgcc.a(_umulhisi3.o)
 .text.libgcc.fixed
                0x0000000000000d7e        0x0 /home/fabrice/arduino-1.8.9/hardware/tools/avr/bin/../lib/gcc/avr/5.4.0/avr5/libgcc.a(_umulhisi3.o)
                0x0000000000000d7e                . = ALIGN (0x2)
 *(.fini9)
 .fini9         0x0000000000000d7e        0x0 /home/fabrice/arduino-1.8.9/hardware/tools/avr/bin/../lib/gcc/avr/5.4.0/avr5/libgcc.a(_exit.o)
                0x0000000000000d7e                exit
                0x0000000000000d7e                _exit
 *(.fini9)
 *(.fini8)
 *(.fini8)
 *(.fini7)
 *(.fini7)
 *(.fini6)
 *(.fini6)
 *(.fini5)
 *(.fini5)
 *(.fini4)
 *(.fini4)
 *(.fini3)
 *(.fini3)
 *(.fini2)
 *(.fini2)
 *(.fini1)
 *(.fini1)
 *(.fini0)
 .fini0         0x0000000000000d7e        0x4 /home/fabrice/arduino-1.8.9/hardware/tools/avr/bin/../lib/gcc/avr/5.4.0/avr5/libgcc.a(_exit.o)
 *(.fini0)
                0x0000000000000d82                _etext = .

.data           0x0000000000800100        0x0 load address 0x0000000000000d82
                [!provide]                        PROVIDE (__data_start, .)
 *(.data)
 .data          0x0000000000800100        0x0 /home/fabrice/arduino-1.8.9/hardware/tools/avr/bin/../lib/gcc/avr/5.4.0/../../../../avr/lib/avr5/crtatmega162.o
 .data          0x0000000000800100        0x0 obj/asmfunc.o
 .data          0x0000000000800100        0x0 obj/pff.o
 .data          0x0000000000800100        0x0 obj/mmcbbp.o
 .data          0x0000000000800100        0x0 /home/fabrice/arduino-1.8.9/hardware/tools/avr/bin/../lib/gcc/avr/5.4.0/avr5/libgcc.a(_udivmodsi4.o)
 .data          0x0000000000800100        0x0 /home/fabrice/arduino-1.8.9/hardware/tools/avr/bin/../lib/gcc/avr/5.4.0/avr5/libgcc.a(_exit.o)
 .data          0x0000000000800100        0x0 /home/fabrice/arduino-1.8.9/hardware/tools/avr/bin/../lib/gcc/avr/5.4.0/avr5/libgcc.a(_clear_bss.o)
 .data          0x0000000000800100        0x0 /home/fabrice/arduino-1.8.9/hardware/tools/avr/bin/../lib/gcc/avr/5.4.0/avr5/libgcc.a(_muluhisi3.o)
 .data          0x0000000000800100        0x0 /home/fabrice/arduino-1.8.9/hardware/tools/avr/bin/../lib/gcc/avr/5.4.0/avr5/libgcc.a(_prologue.o)
 .data          0x0000000000800100        0x0 /home/fabrice/arduino-1.8.9/hardware/tools/avr/bin/../lib/gcc/avr/5.4.0/avr5/libgcc.a(_epilogue.o)
 .data          0x0000000000800100        0x0 /home/fabrice/arduino-1.8.9/hardware/tools/avr/bin/../lib/gcc/avr/5.4.0/avr5/libgcc.a(_umulhisi3.o)
 *(.data*)
 *(.gnu.linkonce.d*)
 *(.rodata)
 *(.rodata*)
 *(.gnu.linkonce.r*)
                0x0000000000800100                . = ALIGN (0x2)
                0x0000000000800100                _edata = .
                [!provide]                        PROVIDE (__data_end, .)

.bss            0x0000000000800100        0x3
                0x0000000000800100                PROVIDE (__bss_start, .)
 *(.bss)
 .bss           0x0000000000800100        0x0 /home/fabrice/arduino-1.8.9/hardware/tools/avr/bin/../lib/gcc/avr/5.4.0/../../../../avr/lib/avr5/crtatmega162.o
 .bss           0x0000000000800100        0x0 obj/asmfunc.o
 .bss           0x0000000000800100        0x2 obj/pff.o
 .bss           0x0000000000800102        0x1 obj/mmcbbp.o
 .bss           0x0000000000800103        0x0 /home/fabrice/arduino-1.8.9/hardware/tools/avr/bin/../lib/gcc/avr/5.4.0/avr5/libgcc.a(_udivmodsi4.o)
 .bss           0x0000000000800103        0x0 /home/fabrice/arduino-1.8.9/hardware/tools/avr/bin/../lib/gcc/avr/5.4.0/avr5/libgcc.a(_exit.o)
 .bss           0x0000000000800103        0x0 /home/fabrice/arduino-1.8.9/hardware/tools/avr/bin/../lib/gcc/avr/5.4.0/avr5/libgcc.a(_clear_bss.o)
 .bss           0x0000000000800103        0x0 /home/fabrice/arduino-1.8.9/hardware/tools/avr/bin/../lib/gcc/avr/5.4.0/avr5/libgcc.a(_muluhisi3.o)
 .bss           0x0000000000800103        0x0 /home/fabrice/arduino-1.8.9/hardware/tools/avr/bin/../lib/gcc/avr/5.4.0/avr5/libgcc.a(_prologue.o)
 .bss           0x0000000000800103        0x0 /home/fabrice/arduino-1.8.9/hardware/tools/avr/bin/../lib/gcc/avr/5.4.0/avr5/libgcc.a(_epilogue.o)
 .bss           0x0000000000800103        0x0 /home/fabrice/arduino-1.8.9/hardware/tools/avr/bin/../lib/gcc/avr/5.4.0/avr5/libgcc.a(_umulhisi3.o)
 *(.bss*)
 *(COMMON)
                0x0000000000800103                PROVIDE (__bss_end, .)
                0x0000000000000d82                __data_load_start = LOADADDR (.data)
                0x0000000000000d82                __data_load_end = (__data_load_start + SIZEOF (.data))

.noinit         0x0000000000800103        0x0
                [!provide]                        PROVIDE (__noinit_start, .)
 *(.noinit*)
                [!provide]                        PROVIDE (__noinit_end, .)
                0x0000000000800103                _end = .
                [!provide]                        PROVIDE (__heap_start, .)

.eeprom         0x0000000000810000        0x0
 *(.eeprom*)
                0x0000000000810000                __eeprom_end = .

.fuse
 *(.fuse)
 *(.lfuse)
 *(.hfuse)
 *(.efuse)

.lock
 *(.lock*)

.signature
 *(.signature*)

.user_signatures
 *(.user_signatures*)

.stab
 *(.stab)

.stabstr
 *(.stabstr)

.stab.excl
 *(.stab.excl)

.stab.exclstr
 *(.stab.exclstr)

.stab.index
 *(.stab.index)

.stab.indexstr
 *(.stab.indexstr)

.comment        0x0000000000000000       0x11
 *(.comment)
 .comment       0x0000000000000000       0x11 obj/pff.o
                                         0x12 (size before relaxing)
 .comment       0x0000000000000011       0x12 obj/mmcbbp.o

.note.gnu.avr.deviceinfo
                0x0000000000000000       0x3c
 .note.gnu.avr.deviceinfo
                0x0000000000000000       0x3c /home/fabrice/arduino-1.8.9/hardware/tools/avr/bin/../lib/gcc/avr/5.4.0/../../../../avr/lib/avr5/crtatmega162.o

.note.gnu.build-id
 *(.note.gnu.build-id)

.debug
 *(.debug)

.line
 *(.line)

.debug_srcinfo
 *(.debug_srcinfo)

.debug_sfnames
 *(.debug_sfnames)

.debug_aranges  0x0000000000000000      0x140
 *(.debug_aranges)
 .debug_aranges
                0x0000000000000000       0x20 obj/asmfunc.o
 .debug_aranges
                0x0000000000000020       0x20 obj/pff.o
 .debug_aranges
                0x0000000000000040       0x20 obj/mmcbbp.o
 .debug_aranges
                0x0000000000000060       0x20 /home/fabrice/arduino-1.8.9/hardware/tools/avr/bin/../lib/gcc/avr/5.4.0/avr5/libgcc.a(_udivmodsi4.o)
 .debug_aranges
                0x0000000000000080       0x20 /home/fabrice/arduino-1.8.9/hardware/tools/avr/bin/../lib/gcc/avr/5.4.0/avr5/libgcc.a(_exit.o)
 .debug_aranges
                0x00000000000000a0       0x20 /home/fabrice/arduino-1.8.9/hardware/tools/avr/bin/../lib/gcc/avr/5.4.0/avr5/libgcc.a(_clear_bss.o)
 .debug_aranges
                0x00000000000000c0       0x20 /home/fabrice/arduino-1.8.9/hardware/tools/avr/bin/../lib/gcc/avr/5.4.0/avr5/libgcc.a(_muluhisi3.o)
 .debug_aranges
                0x00000000000000e0       0x20 /home/fabrice/arduino-1.8.9/hardware/tools/avr/bin/../lib/gcc/avr/5.4.0/avr5/libgcc.a(_prologue.o)
 .debug_aranges
                0x0000000000000100       0x20 /home/fabrice/arduino-1.8.9/hardware/tools/avr/bin/../lib/gcc/avr/5.4.0/avr5/libgcc.a(_epilogue.o)
 .debug_aranges
                0x0000000000000120       0x20 /home/fabrice/arduino-1.8.9/hardware/tools/avr/bin/../lib/gcc/avr/5.4.0/avr5/libgcc.a(_umulhisi3.o)

.debug_pubnames
 *(.debug_pubnames)

.debug_info     0x0000000000000000     0x1dae
 *(.debug_info .gnu.linkonce.wi.*)
 .debug_info    0x0000000000000000      0x5d0 /home/fabrice/arduino-1.8.9/hardware/tools/avr/bin/../lib/gcc/avr/5.4.0/../../../../avr/lib/avr5/crtatmega162.o
 .debug_info    0x00000000000005d0       0x61 obj/asmfunc.o
 .debug_info    0x0000000000000631      0xde6 obj/pff.o
 .debug_info    0x0000000000001417      0x4ea obj/mmcbbp.o
 .debug_info    0x0000000000001901       0xab /home/fabrice/arduino-1.8.9/hardware/tools/avr/bin/../lib/gcc/avr/5.4.0/avr5/libgcc.a(_udivmodsi4.o)
 .debug_info    0x00000000000019ac       0xab /home/fabrice/arduino-1.8.9/hardware/tools/avr/bin/../lib/gcc/avr/5.4.0/avr5/libgcc.a(_exit.o)
 .debug_info    0x0000000000001a57       0xab /home/fabrice/arduino-1.8.9/hardware/tools/avr/bin/../lib/gcc/avr/5.4.0/avr5/libgcc.a(_clear_bss.o)
 .debug_info    0x0000000000001b02       0xab /home/fabrice/arduino-1.8.9/hardware/tools/avr/bin/../lib/gcc/avr/5.4.0/avr5/libgcc.a(_muluhisi3.o)
 .debug_info    0x0000000000001bad       0xab /home/fabrice/arduino-1.8.9/hardware/tools/avr/bin/../lib/gcc/avr/5.4.0/avr5/libgcc.a(_prologue.o)
 .debug_info    0x0000000000001c58       0xab /home/fabrice/arduino-1.8.9/hardware/tools/avr/bin/../lib/gcc/avr/5.4.0/avr5/libgcc.a(_epilogue.o)
 .debug_info    0x0000000000001d03       0xab /home/fabrice/arduino-1.8.9/hardware/tools/avr/bin/../lib/gcc/avr/5.4.0/avr5/libgcc.a(_umulhisi3.o)

.debug_abbrev   0x0000000000000000      0x9f1
 *(.debug_abbrev)
 .debug_abbrev  0x0000000000000000      0x580 /home/fabrice/arduino-1.8.9/hardware/tools/avr/bin/../lib/gcc/avr/5.4.0/../../../../avr/lib/avr5/crtatmega162.o
 .debug_abbrev  0x0000000000000580       0x14 obj/asmfunc.o
 .debug_abbrev  0x0000000000000594      0x274 obj/pff.o
 .debug_abbrev  0x0000000000000808      0x15d obj/mmcbbp.o
 .debug_abbrev  0x0000000000000965       0x14 /home/fabrice/arduino-1.8.9/hardware/tools/avr/bin/../lib/gcc/avr/5.4.0/avr5/libgcc.a(_udivmodsi4.o)
 .debug_abbrev  0x0000000000000979       0x14 /home/fabrice/arduino-1.8.9/hardware/tools/avr/bin/../lib/gcc/avr/5.4.0/avr5/libgcc.a(_exit.o)
 .debug_abbrev  0x000000000000098d       0x14 /home/fabrice/arduino-1.8.9/hardware/tools/avr/bin/../lib/gcc/avr/5.4.0/avr5/libgcc.a(_clear_bss.o)
 .debug_abbrev  0x00000000000009a1       0x14 /home/fabrice/arduino-1.8.9/hardware/tools/avr/bin/../lib/gcc/avr/5.4.0/avr5/libgcc.a(_muluhisi3.o)
 .debug_abbrev  0x00000000000009b5       0x14 /home/fabrice/arduino-1.8.9/hardware/tools/avr/bin/../lib/gcc/avr/5.4.0/avr5/libgcc.a(_prologue.o)
 .debug_abbrev  0x00000000000009c9       0x14 /home/fabrice/arduino-1.8.9/hardware/tools/avr/bin/../lib/gcc/avr/5.4.0/avr5/libgcc.a(_epilogue.o)
 .debug_abbrev  0x00000000000009dd       0x14 /home/fabrice/arduino-1.8.9/hardware/tools/avr/bin/../lib/gcc/avr/5.4.0/avr5/libgcc.a(_umulhisi3.o)

.debug_line     0x0000000000000000      0xdb3
 *(.debug_line .debug_line.* .debug_line_end)
 .debug_line    0x0000000000000000       0x1a /home/fabrice/arduino-1.8.9/hardware/tools/avr/bin/../lib/gcc/avr/5.4.0/../../../../avr/lib/avr5/crtatmega162.o
 .debug_line    0x000000000000001a       0xeb obj/asmfunc.o
 .debug_line    0x0000000000000105      0x559 obj/pff.o
 .debug_line    0x000000000000065e      0x213 obj/mmcbbp.o
 .debug_line    0x0000000000000871      0x122 /home/fabrice/arduino-1.8.9/hardware/tools/avr/bin/../lib/gcc/avr/5.4.0/avr5/libgcc.a(_udivmodsi4.o)
 .debug_line    0x0000000000000993       0x62 /home/fabrice/arduino-1.8.9/hardware/tools/avr/bin/../lib/gcc/avr/5.4.0/avr5/libgcc.a(_exit.o)
 .debug_line    0x00000000000009f5       0x86 /home/fabrice/arduino-1.8.9/hardware/tools/avr/bin/../lib/gcc/avr/5.4.0/avr5/libgcc.a(_clear_bss.o)
 .debug_line    0x0000000000000a7b       0x92 /home/fabrice/arduino-1.8.9/hardware/tools/avr/bin/../lib/gcc/avr/5.4.0/avr5/libgcc.a(_muluhisi3.o)
 .debug_line    0x0000000000000b0d       0xfe /home/fabrice/arduino-1.8.9/hardware/tools/avr/bin/../lib/gcc/avr/5.4.0/avr5/libgcc.a(_prologue.o)
 .debug_line    0x0000000000000c0b       0xf8 /home/fabrice/arduino-1.8.9/hardware/tools/avr/bin/../lib/gcc/avr/5.4.0/avr5/libgcc.a(_epilogue.o)
 .debug_line    0x0000000000000d03       0xb0 /home/fabrice/arduino-1.8.9/hardware/tools/avr/bin/../lib/gcc/avr/5.4.0/avr5/libgcc.a(_umulhisi3.o)

.debug_frame    0x0000000000000000      0x218
 *(.debug_frame)
 .debug_frame   0x0000000000000000      0x190 obj/pff.o
 .debug_frame   0x0000000000000190       0x88 obj/mmcbbp.o

.debug_str      0x0000000000000000      0x520
 *(.debug_str)
 .debug_str     0x0000000000000000      0x1f6 /home/fabrice/arduino-1.8.9/hardware/tools/avr/bin/../lib/gcc/avr/5.4.0/../../../../avr/lib/avr5/crtatmega162.o
 .debug_str     0x00000000000001f6      0x2c6 obj/pff.o
                                        0x2f7 (size before relaxing)
 .debug_str     0x00000000000004bc       0x64 obj/mmcbbp.o
                                        0x1a6 (size before relaxing)

.debug_loc      0x0000000000000000     0x13e6
 *(.debug_loc)
 .debug_loc     0x0000000000000000      0xf5e obj/pff.o
 .debug_loc     0x0000000000000f5e      0x488 obj/mmcbbp.o

.debug_macinfo
 *(.debug_macinfo)

.debug_weaknames
 *(.debug_weaknames)

.debug_funcnames
 *(.debug_funcnames)

.debug_typenames
 *(.debug_typenames)

.debug_varnames
 *(.debug_varnames)

.debug_pubtypes
 *(.debug_pubtypes)

.debug_ranges   0x0000000000000000       0xd0
 *(.debug_ranges)
 .debug_ranges  0x0000000000000000       0xd0 obj/pff.o

.debug_macro
 *(.debug_macro)
OUTPUT(obj/avr_boot.elf elf32-avr)
LOAD linker stubs
